OK
OK
OK
OK
OK
OK
OK
OK
OK
OK
Czarnolas
Las_Palmas
Las_Vegas
NO
YES
NO
OK
OK
YES
pierzaczek
