OK
OK
OK
OK
OK
OK
OK
OK
OK
drzewo
drzewo1
drzewo2
drzewo3
drzewo5
drzewo7
