OK 2
1
1
1
0
1
1
0
1
1
......1
.......
.1112..
.......
2......
4
9
0
2
5
1
0
29
1
