OK 1
1
1
0
1
1
1
1
1
3
2
1
4
19
19
.....
.....
..1..
123..
12...
1
1
1
1
1
1
1
1
1
1
33333
....3
..3.3
123.3
12..3
